linux301_mutimedia





========================================
Pandoc:a universal document converter 文档格式转换的瑞士军刀
----------------------------------------
安装
$ sudo apt-get install pandoc
或者，如果你已经安装了 Anaconda，那么你可以直接使用 Pandoc 了。该程序已经被集成到 Anaconda 中。

查看版本号
$ pandoc --version
pandoc 1.19.2.1
Compiled with pandoc-types 1.17.0.4, texmath 0.9, skylighting 0.1.1.4
Default user data directory: /home/wangjl/.pandoc
Copyright (C) 2006-2016 John MacFarlane
Web:  http://pandoc.org
This is free software; see the source for copying conditions.
There is no warranty, not even for merchantability or fitness
for a particular purpose.


1. 转换md为html
pandoc demo.md -c style.css -o demo.html
或者把css包含到最终的html中
pandoc demo.md --self-contained -c style.css -o demo.html


2. md to docx 
3. md to pdf //todo
pandoc test.md -o test.pdf
$ pandoc VueJS.md -o VueJS.pdf


(1)安装 Tex, 否则报错 pandoc: pdflatex not found. pdflatex is needed for pdf output.


######## try2 failed!
## sudo apt install texlive texlive-xetex latex-cjk-all texmaker # 为了兼容中文。若磁盘空间够大，可以安装 texlive-full
安装 Latex 环境:
$ sudo apt-get install texlive-full #听说这个full版本的5G大！就为了安装一个LeX环境，作为md to pdf的中转。


########### Haskell 貌似没啥用！
安装 Haskell 平台
$ sudo apt-get install haskell-platform

配置环境变量 vim ~/.bashrc
$ export PATH="~/.cabal:$PATH"

安装 pandoc
$ cabal update
$ cabal install pandoc
# or cabal install pandoc --force-reinstalls

安装 filter (插件)
$ cabal install pandoc-crossref #安装 pandoc 交叉引用支持
$ cabal install pandoc-citeproc #安装 pandoc 参考文献支持
###########



## 为Ubuntu安装微软雅黑字体
将Windows 10 C:\Windows\Fonts 目录下的微软雅黑字体拷贝到 /usr/share/fonts/truetype/windowsfont/, 其中 windowsfont 目录为新建，命名任意。然后：
$ sudo mkfontscale
$ sudo mkfontdir
$ sudo fc-cache -fv
之后重启系统?
我没找到这个字体，所以这一步没做。


报错：
$ pandoc VueJS.md -o VueJS.pdf
This is pdfTeX, Version 3.14159265-2.6-1.40.20 (MiKTeX 2.9.7050)
Sorry, but pdflatex did not succeed.
The log file hopefully contains the information to get MiKTeX going again:
  /home/wangjl/.miktex/texmfs/data/miktex/log/pdflatex.log
pandoc: Error producing PDF

$ pandoc VueJS.md -o VueJS.pdf --latex-engine=xelatex
也报错
$ pandoc VueJS.md -o VueJS.pdf --latex-engine=pdflatex 





######## try 1 failed!
安装这1个估计就好了
$ sudo apt-get install texlive-xetex

这个貌似不起作用 https://miktex.org/download
## a. Register GPG key
$ sudo apt-key adv --keyserver hkp://keyserver.ubuntu.com:80 --recv-keys D6BC243565B2087BC3F897C9277A7293F59E4889

## b. Register installation source
## Ubuntu 18.04 LTS (Bionic Beaver):
echo "deb http://miktex.org/download/ubuntu bionic universe" | sudo tee /etc/apt/sources.list.d/miktex.list
## deb http://miktex.org/download/ubuntu bionic universe

## c. Install MiKTeX
sudo apt-get update
sudo apt-get install miktex

## Run miktexsetup to finish the setup
$ miktexsetup finish #自己用
$ sudo miktexsetup --shared=yes finish #共用











(2)
$ pandoc test.md -o outfile.pdf --latex-engine=xelatex -V mainfont="SimSun"

中文不显示，无解。
看来不能再linux上用了？





refer:
官网： https://www.pandoc.org/
https://www.jianshu.com/p/6ba04f669d0b

Ubuntu 安装 Pandoc(插件) https://www.jianshu.com/p/697ae3fcd576

http://www.zale.site/articles/2016/05/Academia-Writing-Using-Markdown-and-Pandoc.html






========================================
ImageMagick: Linux 下用convert制作gif图片动画
----------------------------------------
https://blog.csdn.net/qwsamxy/article/details/50530900

1.ImageMagick包
sudo apt-get install imagemagick


2.实例

(1)常规使用
$ convert -delay 50 *.jpg c.gif
delay 是 gif 显示图形的间隔，单位是10ms, 50是 500 ms.
上述的命令把本地的jpg转换成 c.gif 文件。


$ convert -delay 0 *.bmp -loop 0 animated.gif
//      将当前目录下所有的bmp文件合成一个gif图片动画, 每帧间隔0ms, 重复播放。
//      -delay n     迟延n*10毫秒
//      -loop  n     播放n轮, 0表示不断地重复播放


$ convert -delay 50 frame1.gif frame1.gif frame1.gif -loop 0 animated.gif
//      将当前目录下的frame1.gif文件制作成animated.gif动画，其中3个frame1.gif作为一组，进行循环播放，延迟500毫秒。

$ convert -delay 50 frame1.gif -delay 100 frame1.gif -delay 150 frame1.gif -loop 0 -pause 200 animated.gif
//      在一轮播放之后暂停200毫秒，再进行下一轮播放。

$ convert anim1.gif anim2.gif combined.gif
//      将两个动画文件合并成一个。



(2)倒着播放gif：Reversing Animations - making animations run backward, or cycle
As of IM v6.3.3, the "-reverse" image sequence operator was added (see Reverse Operator for more details). 
This allows you very simply reverse the order of a coalesced animation sequence.
For example here I make a 'hand draw k' animation become undrawn!

$ convert script_k.gif -coalesce -reverse \
          -quiet -layers OptimizePlus  -loop 0 reversed.gif


I had to re-add the "-loop" option to the above as this needs to be attached to the first image, which is now the last image! The result could also use some timing adjustments, but as you can see it now 'undraws' the letter!
Be sure to "-coalesce" the image sequence before reversing it, as any Frame Optimizations present are dependant on the image order. Better to remove those optimizations first.


3.附：格式转换
https://blog.csdn.net/wonengguwozai/article/details/53122629
convert 转换图像格式和大小，模糊，裁剪，驱除污点，抖动，临近，图片上画图片，加入新图片，生成缩略图等。



$ mogrify -resize 640x480 *.jpg
//      将当前目录下所有的jpg文件缩为为640x480分辨率




4.我用的png转gif的
$ cat a.sh
convert -delay 0 *.png ~/web/a1.gif
convert ~/web/a1.gif -coalesce -reverse -quiet -layers OptimizePlus -loop 0 ~/web/a2.gif
convert ~/web/a1.gif ~/web/a2.gif ~/web/a3.gif





refer:
https://imagemagick.org/Usage/
http://www.imagemagick.org/Usage/anim_mods/#reverse



========================================
|-- linux中将video转换成gif: ffmpeg + imagemagick
----------------------------------------
适合录屏之后转gif动画，方便ppt中不依赖播放器的演示。
步骤：从视频中截屏画面，把图转为gif

一、安装ffmpeg
## sudo add-apt-repository ppa:mc3man/trusty-media
## sudo apt-get update
sudo apt-get install ffmpeg
　　

二、安装imagemagick
sudo apt-get install imagemagick
　　

三、将video转换成frame
ffmpeg -ss 0 -i aa.mp4 -to 17 -r 5 frame%02d.jpg

　　参数说明：
　　　　ss: 是截取的起始位置，可以是一个绝对位置如：00:00:12
　　　　to: 是截取的结束位置，可以是一个绝对位置如：00:00:12
　　　　i: 视屏路径
　　　　r: 比率值越大截取的frame就越多 
　　　　%02d: 两位数字，生成的文件名类似 frame01.jpg frame02.jpg 


四、将frame打包成gif
convert -delay 5 -loop 0 frame*.jpg output.gif
　　参数说明：
　　　　delay: 表示1秒内显示多少帧
　　　　loop: 循环（0表示无限循环)

五、缩放
mogrify -resize 360x200 xx.gif
mogrify -resize 360 xx.gif
	表示缩放为360像素，差不多微信宽度了。


refer:
https://www.cnblogs.com/xwgblog/p/5091799.html





========================================
ffmpeg 压缩 png 图片
----------------------------------------

FFmpeg https://ffmpeg.org/download.html

1.
$ ffmpeg -hide_banner -i 001.png -pix_fmt pal8 out_001.png
317K -> 89K
效果看起来很差，于是我想到了降噪


2.
$ ffmpeg -hide_banner -i 001.png -pix_fmt pal8  -vf dctdnoiz=4.5 -y out_002.png
2D DCT降噪 但好像没什么效果  看来原因并不是这样的 91K



3.【推荐 两步法 能缩小50%以上】优化一下调色板
$ ffmpeg -i 001.png -vf palettegen=max_colors=256:stats_mode=single -y out_003.png
994，竟然不到1K
这里的输出结果是一个调色板 并不是完整图像 由于这是单张静图所以mode使用的是single
这个参数有几种具体区别可以看文档 http://ffmpeg.org/ffmpeg-all.html#palettegen-1

再用优化过的调色板去转换 得到结果 116 KB
$ ffmpeg -i 001.png -i out_003.png -lavfi "[0][1:v] paletteuse" -pix_fmt pal8 -y out_004.png
114K 


至此，效果上已经可以接受了, 为原来的35%大小。





========================================
----------------------------------------





========================================
----------------------------------------



========================================
----------------------------------------


========================================
----------------------------------------



========================================
----------------------------------------



