本地生信软件

	- 可以下载的生信软件



========================================
bedtools : a powerful toolset for genome arithmetic 强有力的基因组算法瑞士军刀
----------------------------------------
最新版的官网：
http://bedtools.readthedocs.io/en/latest/index.html

旧版本的pdf：
https://insidedna.me/tool_page_assets/pdf_manual/bedtools.pdf

Collectively, the bedtools utilities are a swiss-army knife of tools for a wide-range of genomics analysis tasks. The most widely-used tools enable genome arithmetic: that is, set theory on the genome. For example, bedtools allows one to intersect, merge, count, complement, and shuffle genomic intervals from multiple files in widely-used genomic file formats such as BAM, BED, GFF/GTF, VCF. While each individual tool is designed to do a relatively simple task (e.g., intersect two interval files), quite sophisticated analyses can be conducted by combining multiple bedtools operations on the UNIX command line.

bedtools is developed in the Quinlan laboratory at the University of Utah and benefits from fantastic contributions made by scientists worldwide.



安装方法：
#apt-get install bedtools #Debian/Ubuntu. 
#yum install BEDTools #Fedora/Centos

或者：
$ wget https://github.com/arq5x/bedtools2/releases/download/v2.25.0/bedtools-2.25.0.tar.gz
$ tar -zxvf bedtools-2.25.0.tar.gz
$ cd bedtools2
$ make

查看版本号：
bedtools -version 
查看帮助：
bedtools -help 


使用方法：

# bedtools sorted
$ bedtools intersect \
           -a ccds.exons.bed -b aln.bam.bed \
           -c \
           -sorted

# bedtools unsorted
$ bedtools intersect \
           -a ccds.exons.bed -b aln.bam.bed \
           -c

# bedmap (without error checking)
$ bedmap --echo --count --bp-ovr 1 \
         ccds.exons.bed aln.bam.bed

# bedmap (no error checking)
$ bedmap --ec --echo --count --bp-ovr 1 \
         ccds.exons.bed aln.bam.bed

更多用法：
http://bedtools.readthedocs.io/en/latest/content/example-usage.html
高级用法：
http://bedtools.readthedocs.io/en/latest/content/advanced-usage.html

Report the number of genes that each alignment overlaps.
$ bedtools intersect -a reads.bed -b genes.bed -c


========================================
----------------------------------------




========================================
----------------------------------------


========================================
----------------------------------------




========================================
----------------------------------------


========================================
----------------------------------------


